WARNING: A restricted method in java.lang.System has been called
WARNING: java.lang.System::load has been called by net.rubygrapefruit.platform.internal.NativeLibraryLoader in an unnamed module (file:/C:/Users/Venkatesan.%20V/.gradle/wrapper/dists/gradle-8.14.3-all/10utluxaxniiv4wxiphsi49nj/gradle-8.14.3/lib/native-platform-0.22-milestone-28.jar)
WARNING: Use --enable-native-access=ALL-UNNAMED to avoid a warning for callers in this module
WARNING: Restricted methods will be blocked in a future release unless native access is enabled

To honour the JVM settings for this build a single-use Daemon process will be forked. For more on this, please refer to https://docs.gradle.org/8.14.3/userguide/gradle_daemon.html#sec:disabling_the_daemon in the Gradle documentation.
Daemon will be stopped at the end of the build 


[Incubating] Problems report is available at: file:///C:/Users/Venkatesan.%20V/Desktop/study_sync_3.0/build/reports/problems/problems-report.html
FAILURE: Build failed with an exception.

* What went wrong:
Task '.gradle.jvmargs=-Xmx1024m' not found in root project 'study_sync_3.0' and its subprojects.

* Try:
> Run  tasks to get a list of available tasks.
> For more on name expansion, please refer to https://docs.gradle.org/8.14.3/userguide/command_line_interface.html#sec:name_abbreviation in the Gradle documentation.
> Run with --stacktrace option to get the stack trace.
> Run with --info or --debug option to get more log output.
> Run with --scan to get full insights.
> Get more help at https://help.gradle.org.

Deprecated Gradle features were used in this build, making it incompatible with Gradle 9.0.

You can use '--warning-mode all' to show the individual deprecation warnings and determine if they come from your own scripts or plugins.

For more on this, please refer to https://docs.gradle.org/8.14.3/userguide/command_line_interface.html#sec:command_line_warnings in the Gradle documentation.

BUILD FAILED in 23s
